2022-09-28 11:55:53 [    INFO] ====== WebDriver manager ====== (logger.py:16)
2022-09-28 11:55:53 [    INFO] Current google-chrome version is 105.0.5195 (logger.py:16)
2022-09-28 11:55:53 [    INFO] Get LATEST chromedriver version for 105.0.5195 google-chrome (logger.py:16)
2022-09-28 11:55:53 [   DEBUG] Starting new HTTPS connection (1): chromedriver.storage.googleapis.com:443 (connectionpool.py:1007)
2022-09-28 11:55:54 [   DEBUG] https://chromedriver.storage.googleapis.com:443 "GET /LATEST_RELEASE_105.0.5195 HTTP/1.1" 200 13 (connectionpool.py:465)
2022-09-28 11:55:54 [    INFO] Driver [/home/parshuram/.wdm/drivers/chromedriver/linux64/105.0.5195.52/chromedriver] found in cache (logger.py:16)
2022-09-28 11:55:55 [   DEBUG] POST http://127.0.0.1:36055/session {"capabilities": {"firstMatch": [{}], "alwaysMatch": {"browserName": "chrome", "platformName": "any", "goog:chromeOptions": {"extensions": [], "args": []}}}, "desiredCapabilities": {"browserName": "chrome", "version": "", "platform": "ANY", "goog:chromeOptions": {"extensions": [], "args": []}}} (remote_connection.py:388)
2022-09-28 11:55:55 [   DEBUG] Starting new HTTP connection (1): 127.0.0.1:36055 (connectionpool.py:232)
2022-09-28 11:55:56 [   DEBUG] http://127.0.0.1:36055 "POST /session HTTP/1.1" 200 753 (connectionpool.py:465)
2022-09-28 11:55:56 [   DEBUG] Finished Request (remote_connection.py:440)
2022-09-28 11:55:56 [   DEBUG] POST http://127.0.0.1:36055/session/acf0df10edfa3afad0925ef7ad4f418b/timeouts {"implicit": 10000} (remote_connection.py:388)
2022-09-28 11:55:56 [   DEBUG] http://127.0.0.1:36055 "POST /session/acf0df10edfa3afad0925ef7ad4f418b/timeouts HTTP/1.1" 200 14 (connectionpool.py:465)
2022-09-28 11:55:56 [   DEBUG] Finished Request (remote_connection.py:440)
2022-09-28 11:55:56 [   DEBUG] POST http://127.0.0.1:36055/session/acf0df10edfa3afad0925ef7ad4f418b/window/maximize {} (remote_connection.py:388)
2022-09-28 11:55:56 [   DEBUG] http://127.0.0.1:36055 "POST /session/acf0df10edfa3afad0925ef7ad4f418b/window/maximize HTTP/1.1" 200 49 (connectionpool.py:465)
2022-09-28 11:55:56 [   DEBUG] Finished Request (remote_connection.py:440)
2022-09-28 11:55:56 [   DEBUG] POST http://127.0.0.1:36055/session/acf0df10edfa3afad0925ef7ad4f418b/url {"url": "http://localhost:8080/"} (remote_connection.py:388)
2022-09-28 11:55:57 [   DEBUG] http://127.0.0.1:36055 "POST /session/acf0df10edfa3afad0925ef7ad4f418b/url HTTP/1.1" 200 14 (connectionpool.py:465)
2022-09-28 11:55:57 [   DEBUG] Finished Request (remote_connection.py:440)
2022-09-28 11:55:57 [   DEBUG] POST http://127.0.0.1:36055/session/acf0df10edfa3afad0925ef7ad4f418b/element {"using": "css selector", "value": "[name=\"j_username\"]"} (remote_connection.py:388)
2022-09-28 11:55:57 [   DEBUG] http://127.0.0.1:36055 "POST /session/acf0df10edfa3afad0925ef7ad4f418b/element HTTP/1.1" 200 88 (connectionpool.py:465)
2022-09-28 11:55:57 [   DEBUG] Finished Request (remote_connection.py:440)
2022-09-28 11:55:57 [   DEBUG] POST http://127.0.0.1:36055/session/acf0df10edfa3afad0925ef7ad4f418b/element/41ba6ce1-f8f7-4218-8fbe-95914ffe7804/value {"text": "parshuram", "value": ["p", "a", "r", "s", "h", "u", "r", "a", "m"], "id": "41ba6ce1-f8f7-4218-8fbe-95914ffe7804"} (remote_connection.py:388)
2022-09-28 11:55:57 [   DEBUG] http://127.0.0.1:36055 "POST /session/acf0df10edfa3afad0925ef7ad4f418b/element/41ba6ce1-f8f7-4218-8fbe-95914ffe7804/value HTTP/1.1" 200 14 (connectionpool.py:465)
2022-09-28 11:55:57 [   DEBUG] Finished Request (remote_connection.py:440)
2022-09-28 11:55:57 [   DEBUG] POST http://127.0.0.1:36055/session/acf0df10edfa3afad0925ef7ad4f418b/element {"using": "css selector", "value": "[name=\"j_password\"]"} (remote_connection.py:388)
2022-09-28 11:55:57 [   DEBUG] http://127.0.0.1:36055 "POST /session/acf0df10edfa3afad0925ef7ad4f418b/element HTTP/1.1" 200 88 (connectionpool.py:465)
2022-09-28 11:55:57 [   DEBUG] Finished Request (remote_connection.py:440)
2022-09-28 11:55:57 [   DEBUG] POST http://127.0.0.1:36055/session/acf0df10edfa3afad0925ef7ad4f418b/element/536eb498-c6f4-493a-8100-e58b23cfc6a7/value {"text": "28031894@Pp", "value": ["2", "8", "0", "3", "1", "8", "9", "4", "@", "P", "p"], "id": "536eb498-c6f4-493a-8100-e58b23cfc6a7"} (remote_connection.py:388)
2022-09-28 11:55:57 [   DEBUG] http://127.0.0.1:36055 "POST /session/acf0df10edfa3afad0925ef7ad4f418b/element/536eb498-c6f4-493a-8100-e58b23cfc6a7/value HTTP/1.1" 200 14 (connectionpool.py:465)
2022-09-28 11:55:57 [   DEBUG] Finished Request (remote_connection.py:440)
2022-09-28 11:55:57 [   DEBUG] POST http://127.0.0.1:36055/session/acf0df10edfa3afad0925ef7ad4f418b/element {"using": "css selector", "value": "[name=\"Submit\"]"} (remote_connection.py:388)
2022-09-28 11:55:57 [   DEBUG] http://127.0.0.1:36055 "POST /session/acf0df10edfa3afad0925ef7ad4f418b/element HTTP/1.1" 200 88 (connectionpool.py:465)
2022-09-28 11:55:57 [   DEBUG] Finished Request (remote_connection.py:440)
2022-09-28 11:55:57 [   DEBUG] POST http://127.0.0.1:36055/session/acf0df10edfa3afad0925ef7ad4f418b/element/f2db0c87-9d9d-4feb-8458-d5ad740af9ea/click {"id": "f2db0c87-9d9d-4feb-8458-d5ad740af9ea"} (remote_connection.py:388)
2022-09-28 11:55:59 [   DEBUG] http://127.0.0.1:36055 "POST /session/acf0df10edfa3afad0925ef7ad4f418b/element/f2db0c87-9d9d-4feb-8458-d5ad740af9ea/click HTTP/1.1" 200 14 (connectionpool.py:465)
2022-09-28 11:55:59 [   DEBUG] Finished Request (remote_connection.py:440)
2022-09-28 11:55:59 [   DEBUG] GET http://127.0.0.1:36055/session/acf0df10edfa3afad0925ef7ad4f418b/title {} (remote_connection.py:388)
2022-09-28 11:55:59 [   DEBUG] http://127.0.0.1:36055 "GET /session/acf0df10edfa3afad0925ef7ad4f418b/title HTTP/1.1" 200 31 (connectionpool.py:465)
2022-09-28 11:55:59 [   DEBUG] Finished Request (remote_connection.py:440)
2022-09-28 11:55:59 [   DEBUG] DELETE http://127.0.0.1:36055/session/acf0df10edfa3afad0925ef7ad4f418b/window {} (remote_connection.py:388)
2022-09-28 11:55:59 [   DEBUG] http://127.0.0.1:36055 "DELETE /session/acf0df10edfa3afad0925ef7ad4f418b/window HTTP/1.1" 200 12 (connectionpool.py:465)
2022-09-28 11:55:59 [   DEBUG] Finished Request (remote_connection.py:440)
2022-09-28 11:55:59 [   DEBUG] DELETE http://127.0.0.1:36055/session/acf0df10edfa3afad0925ef7ad4f418b {} (remote_connection.py:388)
2022-09-28 11:55:59 [   DEBUG] http://127.0.0.1:36055 "DELETE /session/acf0df10edfa3afad0925ef7ad4f418b HTTP/1.1" 200 14 (connectionpool.py:465)
2022-09-28 11:55:59 [   DEBUG] Finished Request (remote_connection.py:440)
